[octarine.cc/login.html]
[backblue.gif]
[fade.gif]
[index.html]
[fonts.gstatic.com/s/materialicons/v70/flUhRq6tzZclQEJ-Vdg-IuiaDsNa.woff]
[fonts.gstatic.com/s/roboto/v20/KFOlCnqEu92Fr1MmSU5fBBc-.woff]
[octarine.cc/assets/wasm/shared.wasm]
[octarine.cc/favicon.ico]
[octarine.cc/assets/icons/icon-192x192.png]
[octarine.cc/manifest.webmanifest]
[octarine.cc/styles.3ce9d83fa82a77942f04.css]
[octarine.cc/15fc2741b0fc554178f54.js]
[octarine.cc/polyfills-es5.546da1480cb64271bbf9.js]
[octarine.cc/45fc2741b0fc554178f54.js]
[octarine.cc/0x9.c97f578b41fe62243862.js]
[octarine.cc/login.html]
[octarine.cc/35fc2741b0fc554178f54.js]
[octarine.cc/assets/images/arts/phantom_assasin-min.jpg]
[octarine.cc/assets/images/arts/snapfire_underlord-min.jpg]
[octarine.cc/assets/images/arts/templar_assasin-min.jpg]
[octarine.cc/assets/images/arts/devour-min.jpg]
[octarine.cc/assets/images/arts/windranger-min.jpg]
[octarine.cc/assets/images/arts/luna-min.jpg]
[octarine.cc/assets/images/arts/qop-min.jpg]
[octarine.cc/assets/images/arts/hoodwink-min.png]
[octarine.cc/assets/images/arts/windranger2-min.jpg]
[octarine.cc/styles.3ce9d83fa82a77942f04.css]
